[caseybuilt.local/index.html]
[backblue.gif]
[fade.gif]
[index.html]
[caseybuilt.local/wp-content/plugins/w3-total-cache/pub/js/lazyload.min.js]
[caseybuilt.local/feed/index.html]
[caseybuilt.local/wp-json/oembed/1.0/embed672b.json]
[caseybuilt.local/wp-json/oembed/1.0/embed89b3]
[caseybuilt.local/comments/feed/index.html]
[caseybuilt.local/wp-content/cache/minify/f9395.css]
[caseybuilt.local/wp-content/cache/minify/9e5e0.css]
[caseybuilt.local/wp-content/cache/minify/fffb7.css]
[caseybuilt.local/wp-content/cache/minify/1e62c.js]
[caseybuilt.local/xmlrpc0db0.php]
[caseybuilt.local/wp-json/wp/v2/pages/28.json]
[caseybuilt.local/wp-content/themes/genesis-sample/images/favicon.ico]
[assets.mlcdn.com/fonts8a76.css]
[assets.mlcdn.com/ml/images/default/modal_close.png]
[caseybuilt.local/wp-json/index.html]
[groot.mailerlite.com/js/w/webforms.min296b.js]
[caseybuilt.local/wp-content/cache/minify/4c247.js]
[caseybuilt.local/wp-content/cache/minify/ee7f2.js]
[caseybuilt.local/wp-content/cache/minify/ea78a.js]
[caseybuilt.local/index.html]
[caseybuilt.local/r]
[caseybuilt.local/wp-content/plugins/w3-total-cache/pub/js/lazyload.min.js]
[caseybuilt.local/wp-content/cache/minify/f9395.css]
[caseybuilt.local/wp-content/cache/minify/9e5e0.css]
[caseybuilt.local/wp-includes/fonts/dashicons7d4b.ttf]
[caseybuilt.local/wp-content/cache/minify/fffb7.css]
[caseybuilt.local/wp-content/cache/minify/1e62c.js]
[caseybuilt.local/xmlrpc.php]
[assets.mlcdn.com/fonts8a76.css]
[caseybuilt.local/wp-content/cache/minify/4c247.js]
[caseybuilt.local/wp-content/cache/minify/486d7.js]
[caseybuilt.local/GET.16.delayed]
[caseybuilt.local/wp-includes/fonts/dashicons7d4b.eot]
[caseybuilt.local/placeholder.jpg]
[caseybuilt.local/POST]
[caseybuilt.local/wp-content/cache/minify/ee7f2.js]
[caseybuilt.local/wp-content/cache/minify/ea78a.js]
[caseybuilt.local/r.html]
[caseybuilt.local/wp-content/cache/minify/486d7.js]
[caseybuilt.local/GET.html]
[caseybuilt.local/placeholder.html]
[caseybuilt.local/POST.html]
[caseybuilt.local/window.location.href]
[caseybuilt.local/window.location.href]
